-Dexec.executable=/ext/redhat.java-1.19.0-linux-x64/jre/17.0.7-linux-x86_64/bin/java
-Dexec.args=-XX:+ShowCodeDetailsInExceptionMessages --class-path %classpath ${exec.mainClass} normal "arg space" "arg\"quote"
-Dexec.mainClass=com.example.Main
org.codehaus.mojo:exec-maven-plugin:3.1.0:exec
